2025-09-15 18:36:55,531 - masks - WARNING: Номер 4562378546 неправильный
2025-09-15 18:36:55,531 - masks - ERROR: Произошла ошибка
2025-09-22 10:47:28,006 - masks - WARNING: Номер 4562378546 неправильный
2025-09-22 10:47:28,007 - masks - ERROR: Произошла ошибка
2025-09-22 10:48:06,477 - masks - WARNING: Номер 4562378546 неправильный
2025-09-22 10:48:06,477 - masks - ERROR: Произошла ошибка
2025-09-22 10:48:33,144 - masks - WARNING: Номер 12345678912345678912 неправильный
2025-09-22 10:48:33,144 - masks - INFO: Создается маска для номера аккаунта 12345678912345678912
2025-09-22 10:49:35,177 - masks - WARNING: Номер 12345678912345678912 неправильный
2025-09-22 10:49:35,177 - masks - INFO: Создается маска для номера аккаунта 12345678912345678912
2025-09-22 10:49:35,209 - masks - WARNING: Номер 7000792289606361 неправильный
2025-09-22 10:49:35,209 - masks - INFO: Создается маска для номера карты 7000792289606361
2025-09-22 10:49:35,212 - masks - WARNING: Номер 7000792289606361123 неправильный
2025-09-22 10:49:35,212 - masks - ERROR: Произошла ошибка
2025-09-22 10:49:35,229 - masks - WARNING: Номер 73654108430135874305 неправильный
2025-09-22 10:49:35,229 - masks - INFO: Создается маска для номера аккаунта 73654108430135874305
2025-09-22 10:49:35,236 - masks - WARNING: Номер 73654108430135874305123 неправильный
2025-09-22 10:49:35,236 - masks - ERROR: Произошла ошибка
2025-09-22 10:50:09,936 - utils - INFO: Данные считываются из файла
2025-09-22 10:50:17,185 - utils - INFO: Файла не существует или он пустой
2025-09-22 10:50:17,198 - utils - INFO: Данные считываются из файла
2025-09-22 10:50:17,202 - utils - INFO: Файла не существует или он пустой
2025-09-22 10:50:17,218 - utils - INFO: Данные считываются из файла
2025-09-22 10:50:17,228 - utils - INFO: Данные считываются из файла
